{
  "epoch": 1.0,
  "updates": 2.0,
  "transitions": 2.0,
  "loss_policy": 0.20843632519245148,
  "loss_value": 0.008567080833017826,
  "loss_entropy": 1.097850263118744,
  "loss_total": 0.20174136757850647,
  "clip_fraction": 1.0,
  "adv_mean": 5.066394805908203e-07,
  "adv_std": 0.0,
  "grad_norm": 0.3224274665117264,
  "kl_divergence": 0.8841797709465027,
  "telemetry_version": 1.2,
  "lr": 0.0003,
  "steps": 2.0,
  "epoch_duration_sec": 0.005914437002502382,
  "data_mode": "rollout",
  "cycle_id": 0.0,
  "batch_entropy_mean": 1.097850263118744,
  "batch_entropy_std": 0.0003655552864074707,
  "grad_norm_max": 0.5660814642906189,
  "kl_divergence_max": 0.959392249584198,
  "reward_advantage_corr": -1.0,
  "rollout_ticks": 0.0,
  "log_stream_offset": 1.0,
  "queue_conflict_events": 0.0,
  "queue_conflict_intensity_sum": 0.0,
  "shared_meal_events": 0.0,
  "late_help_events": 0.0,
  "shift_takeover_events": 0.0,
  "chat_success_events": 1.0,
  "chat_failure_events": 0.0,
  "chat_quality_mean": 0.8,
  "baseline_sample_count": 1.0,
  "baseline_reward_mean": 0.07000000029802322,
  "baseline_reward_sum": 0.14000000059604645,
  "baseline_reward_sum_mean": 0.14000000059604645,
  "baseline_log_prob_mean": -0.25,
  "conflict.rivalry_max_mean_avg": 0.0,
  "conflict.rivalry_max_max_avg": 0.0,
  "conflict.rivalry_avoid_count_mean_avg": 0.0,
  "conflict.rivalry_avoid_count_max_avg": 0.0
}